// Vitest Snapshot v1, https://vitest.dev/guide/snapshot.html

exports[`Render empty Stations List 1`] = `
<DocumentFragment>
  <h1>
    No Stations Found!
  </h1>
</DocumentFragment>
`;

exports[`is should render a emp 1`] = `
<DocumentFragment>
  <h1>
    No Stations Found!
  </h1>
</DocumentFragment>
`;

exports[`is sould  1`] = `
<DocumentFragment>
  <h1>
    No Stations Found!
  </h1>
</DocumentFragment>
`;

exports[`it should render a empty stations list 1`] = `
<DocumentFragment>
  <h1>
    No Stations Found!
  </h1>
</DocumentFragment>
`;

exports[`it should render a list of 1`] = `
<DocumentFragment>
  <div
    class="sc-beqWaB oSqvK"
  >
    <h2
      data-testid="station-item-name"
    >
       
      <svg
        fill="none"
        height="1em"
        stroke="currentColor"
        stroke-linecap="round"
        stroke-linejoin="round"
        stroke-width="2"
        viewBox="0 0 24 24"
        width="1em"
        xmlns="http://www.w3.org/2000/svg"
      >
        <circle
          cx="12"
          cy="12"
          r="2"
        />
        <path
          d="M16.24 7.76a6 6 0 0 1 0 8.49m-8.48-.01a6 6 0 0 1 0-8.49m11.31-2.82a10 10 0 0 1 0 14.14m-14.14 0a10 10 0 0 1 0-14.14"
        />
      </svg>
       Capital Teesside 
    </h2>
    <p
      data-testid="station-item-tagline"
    >
      The UK's No.1 Hit Music Station
    </p>
    <a
      href="/station/capital/teesside"
    >
      <button
        class="sc-gueYoa jQMzCE"
      >
        More 
        <svg
          fill="currentColor"
          height="1em"
          stroke="currentColor"
          stroke-width="0"
          viewBox="0 0 512 512"
          width="1em"
          xmlns="http://www.w3.org/2000/svg"
        >
          <path
            d="M284.9 412.6l138.1-134c6-5.8 9-13.7 9-22.4v-.4c0-8.7-3-16.6-9-22.4l-138.1-134c-12-12.5-31.3-12.5-43.2 0-11.9 12.5-11.9 32.7 0 45.2l83 79.4h-214c-17 0-30.7 14.3-30.7 32 0 18 13.7 32 30.6 32h214l-83 79.4c-11.9 12.5-11.9 32.7 0 45.2 12 12.5 31.3 12.5 43.3 0z"
          />
        </svg>
         
      </button>
    </a>
  </div>
  <div
    class="sc-beqWaB oSqvK"
  >
    <h2
      data-testid="station-item-name"
    >
       
      <svg
        fill="none"
        height="1em"
        stroke="currentColor"
        stroke-linecap="round"
        stroke-linejoin="round"
        stroke-width="2"
        viewBox="0 0 24 24"
        width="1em"
        xmlns="http://www.w3.org/2000/svg"
      >
        <circle
          cx="12"
          cy="12"
          r="2"
        />
        <path
          d="M16.24 7.76a6 6 0 0 1 0 8.49m-8.48-.01a6 6 0 0 1 0-8.49m11.31-2.82a10 10 0 0 1 0 14.14m-14.14 0a10 10 0 0 1 0-14.14"
        />
      </svg>
       Capital Tyne and Wear 
    </h2>
    <p
      data-testid="station-item-tagline"
    >
      The UK's No.1 Hit Music Station
    </p>
    <a
      href="/station/capital/tynewear"
    >
      <button
        class="sc-gueYoa jQMzCE"
      >
        More 
        <svg
          fill="currentColor"
          height="1em"
          stroke="currentColor"
          stroke-width="0"
          viewBox="0 0 512 512"
          width="1em"
          xmlns="http://www.w3.org/2000/svg"
        >
          <path
            d="M284.9 412.6l138.1-134c6-5.8 9-13.7 9-22.4v-.4c0-8.7-3-16.6-9-22.4l-138.1-134c-12-12.5-31.3-12.5-43.2 0-11.9 12.5-11.9 32.7 0 45.2l83 79.4h-214c-17 0-30.7 14.3-30.7 32 0 18 13.7 32 30.6 32h214l-83 79.4c-11.9 12.5-11.9 32.7 0 45.2 12 12.5 31.3 12.5 43.3 0z"
          />
        </svg>
         
      </button>
    </a>
  </div>
</DocumentFragment>
`;

exports[`renders correctly with some  1`] = `
<DocumentFragment>
  <div
    class="sc-beqWaB oSqvK"
  >
    <h2
      data-testid="station-item-name"
    >
       
      <svg
        fill="none"
        height="1em"
        stroke="currentColor"
        stroke-linecap="round"
        stroke-linejoin="round"
        stroke-width="2"
        viewBox="0 0 24 24"
        width="1em"
        xmlns="http://www.w3.org/2000/svg"
      >
        <circle
          cx="12"
          cy="12"
          r="2"
        />
        <path
          d="M16.24 7.76a6 6 0 0 1 0 8.49m-8.48-.01a6 6 0 0 1 0-8.49m11.31-2.82a10 10 0 0 1 0 14.14m-14.14 0a10 10 0 0 1 0-14.14"
        />
      </svg>
       Capital Teesside 
    </h2>
    <p
      data-testid="station-item-tagline"
    >
      The UK's No.1 Hit Music Station
    </p>
    <a
      href="/station/capital/teesside"
    >
      <button
        class="sc-gueYoa jQMzCE"
      >
        More 
        <svg
          fill="currentColor"
          height="1em"
          stroke="currentColor"
          stroke-width="0"
          viewBox="0 0 512 512"
          width="1em"
          xmlns="http://www.w3.org/2000/svg"
        >
          <path
            d="M284.9 412.6l138.1-134c6-5.8 9-13.7 9-22.4v-.4c0-8.7-3-16.6-9-22.4l-138.1-134c-12-12.5-31.3-12.5-43.2 0-11.9 12.5-11.9 32.7 0 45.2l83 79.4h-214c-17 0-30.7 14.3-30.7 32 0 18 13.7 32 30.6 32h214l-83 79.4c-11.9 12.5-11.9 32.7 0 45.2 12 12.5 31.3 12.5 43.3 0z"
          />
        </svg>
         
      </button>
    </a>
  </div>
  <div
    class="sc-beqWaB oSqvK"
  >
    <h2
      data-testid="station-item-name"
    >
       
      <svg
        fill="none"
        height="1em"
        stroke="currentColor"
        stroke-linecap="round"
        stroke-linejoin="round"
        stroke-width="2"
        viewBox="0 0 24 24"
        width="1em"
        xmlns="http://www.w3.org/2000/svg"
      >
        <circle
          cx="12"
          cy="12"
          r="2"
        />
        <path
          d="M16.24 7.76a6 6 0 0 1 0 8.49m-8.48-.01a6 6 0 0 1 0-8.49m11.31-2.82a10 10 0 0 1 0 14.14m-14.14 0a10 10 0 0 1 0-14.14"
        />
      </svg>
       Capital Tyne and Wear 
    </h2>
    <p
      data-testid="station-item-tagline"
    >
      The UK's No.1 Hit Music Station
    </p>
    <a
      href="/station/capital/tynewear"
    >
      <button
        class="sc-gueYoa jQMzCE"
      >
        More 
        <svg
          fill="currentColor"
          height="1em"
          stroke="currentColor"
          stroke-width="0"
          viewBox="0 0 512 512"
          width="1em"
          xmlns="http://www.w3.org/2000/svg"
        >
          <path
            d="M284.9 412.6l138.1-134c6-5.8 9-13.7 9-22.4v-.4c0-8.7-3-16.6-9-22.4l-138.1-134c-12-12.5-31.3-12.5-43.2 0-11.9 12.5-11.9 32.7 0 45.2l83 79.4h-214c-17 0-30.7 14.3-30.7 32 0 18 13.7 32 30.6 32h214l-83 79.4c-11.9 12.5-11.9 32.7 0 45.2 12 12.5 31.3 12.5 43.3 0z"
          />
        </svg>
         
      </button>
    </a>
  </div>
</DocumentFragment>
`;

exports[`renders correctly with some pets 1`] = `
<DocumentFragment>
  <div
    class="sc-beqWaB oSqvK"
  >
    <h2
      data-testid="station-item-name"
    >
       
      <svg
        fill="none"
        height="1em"
        stroke="currentColor"
        stroke-linecap="round"
        stroke-linejoin="round"
        stroke-width="2"
        viewBox="0 0 24 24"
        width="1em"
        xmlns="http://www.w3.org/2000/svg"
      >
        <circle
          cx="12"
          cy="12"
          r="2"
        />
        <path
          d="M16.24 7.76a6 6 0 0 1 0 8.49m-8.48-.01a6 6 0 0 1 0-8.49m11.31-2.82a10 10 0 0 1 0 14.14m-14.14 0a10 10 0 0 1 0-14.14"
        />
      </svg>
       Capital Teesside 
    </h2>
    <p
      data-testid="station-item-tagline"
    >
      The UK's No.1 Hit Music Station
    </p>
    <a
      href="/station/capital/teesside"
    >
      <button
        class="sc-gueYoa jQMzCE"
      >
        More 
        <svg
          fill="currentColor"
          height="1em"
          stroke="currentColor"
          stroke-width="0"
          viewBox="0 0 512 512"
          width="1em"
          xmlns="http://www.w3.org/2000/svg"
        >
          <path
            d="M284.9 412.6l138.1-134c6-5.8 9-13.7 9-22.4v-.4c0-8.7-3-16.6-9-22.4l-138.1-134c-12-12.5-31.3-12.5-43.2 0-11.9 12.5-11.9 32.7 0 45.2l83 79.4h-214c-17 0-30.7 14.3-30.7 32 0 18 13.7 32 30.6 32h214l-83 79.4c-11.9 12.5-11.9 32.7 0 45.2 12 12.5 31.3 12.5 43.3 0z"
          />
        </svg>
         
      </button>
    </a>
  </div>
  <div
    class="sc-beqWaB oSqvK"
  >
    <h2
      data-testid="station-item-name"
    >
       
      <svg
        fill="none"
        height="1em"
        stroke="currentColor"
        stroke-linecap="round"
        stroke-linejoin="round"
        stroke-width="2"
        viewBox="0 0 24 24"
        width="1em"
        xmlns="http://www.w3.org/2000/svg"
      >
        <circle
          cx="12"
          cy="12"
          r="2"
        />
        <path
          d="M16.24 7.76a6 6 0 0 1 0 8.49m-8.48-.01a6 6 0 0 1 0-8.49m11.31-2.82a10 10 0 0 1 0 14.14m-14.14 0a10 10 0 0 1 0-14.14"
        />
      </svg>
       Capital Tyne and Wear 
    </h2>
    <p
      data-testid="station-item-tagline"
    >
      The UK's No.1 Hit Music Station
    </p>
    <a
      href="/station/capital/tynewear"
    >
      <button
        class="sc-gueYoa jQMzCE"
      >
        More 
        <svg
          fill="currentColor"
          height="1em"
          stroke="currentColor"
          stroke-width="0"
          viewBox="0 0 512 512"
          width="1em"
          xmlns="http://www.w3.org/2000/svg"
        >
          <path
            d="M284.9 412.6l138.1-134c6-5.8 9-13.7 9-22.4v-.4c0-8.7-3-16.6-9-22.4l-138.1-134c-12-12.5-31.3-12.5-43.2 0-11.9 12.5-11.9 32.7 0 45.2l83 79.4h-214c-17 0-30.7 14.3-30.7 32 0 18 13.7 32 30.6 32h214l-83 79.4c-11.9 12.5-11.9 32.7 0 45.2 12 12.5 31.3 12.5 43.3 0z"
          />
        </svg>
         
      </button>
    </a>
  </div>
</DocumentFragment>
`;

exports[`renders correctly with some stations 1`] = `
<DocumentFragment>
  <div
    class="sc-beqWaB oSqvK"
  >
    <h2
      data-testid="station-item-name"
    >
       
      <svg
        fill="none"
        height="1em"
        stroke="currentColor"
        stroke-linecap="round"
        stroke-linejoin="round"
        stroke-width="2"
        viewBox="0 0 24 24"
        width="1em"
        xmlns="http://www.w3.org/2000/svg"
      >
        <circle
          cx="12"
          cy="12"
          r="2"
        />
        <path
          d="M16.24 7.76a6 6 0 0 1 0 8.49m-8.48-.01a6 6 0 0 1 0-8.49m11.31-2.82a10 10 0 0 1 0 14.14m-14.14 0a10 10 0 0 1 0-14.14"
        />
      </svg>
       Capital Teesside 
    </h2>
    <p
      data-testid="station-item-tagline"
    >
      The UK's No.1 Hit Music Station
    </p>
    <a
      href="/station/capital/teesside"
    >
      <button
        class="sc-gueYoa jQMzCE"
      >
        More 
        <svg
          fill="currentColor"
          height="1em"
          stroke="currentColor"
          stroke-width="0"
          viewBox="0 0 512 512"
          width="1em"
          xmlns="http://www.w3.org/2000/svg"
        >
          <path
            d="M284.9 412.6l138.1-134c6-5.8 9-13.7 9-22.4v-.4c0-8.7-3-16.6-9-22.4l-138.1-134c-12-12.5-31.3-12.5-43.2 0-11.9 12.5-11.9 32.7 0 45.2l83 79.4h-214c-17 0-30.7 14.3-30.7 32 0 18 13.7 32 30.6 32h214l-83 79.4c-11.9 12.5-11.9 32.7 0 45.2 12 12.5 31.3 12.5 43.3 0z"
          />
        </svg>
         
      </button>
    </a>
  </div>
  <div
    class="sc-beqWaB oSqvK"
  >
    <h2
      data-testid="station-item-name"
    >
       
      <svg
        fill="none"
        height="1em"
        stroke="currentColor"
        stroke-linecap="round"
        stroke-linejoin="round"
        stroke-width="2"
        viewBox="0 0 24 24"
        width="1em"
        xmlns="http://www.w3.org/2000/svg"
      >
        <circle
          cx="12"
          cy="12"
          r="2"
        />
        <path
          d="M16.24 7.76a6 6 0 0 1 0 8.49m-8.48-.01a6 6 0 0 1 0-8.49m11.31-2.82a10 10 0 0 1 0 14.14m-14.14 0a10 10 0 0 1 0-14.14"
        />
      </svg>
       Capital Tyne and Wear 
    </h2>
    <p
      data-testid="station-item-tagline"
    >
      The UK's No.1 Hit Music Station
    </p>
    <a
      href="/station/capital/tynewear"
    >
      <button
        class="sc-gueYoa jQMzCE"
      >
        More 
        <svg
          fill="currentColor"
          height="1em"
          stroke="currentColor"
          stroke-width="0"
          viewBox="0 0 512 512"
          width="1em"
          xmlns="http://www.w3.org/2000/svg"
        >
          <path
            d="M284.9 412.6l138.1-134c6-5.8 9-13.7 9-22.4v-.4c0-8.7-3-16.6-9-22.4l-138.1-134c-12-12.5-31.3-12.5-43.2 0-11.9 12.5-11.9 32.7 0 45.2l83 79.4h-214c-17 0-30.7 14.3-30.7 32 0 18 13.7 32 30.6 32h214l-83 79.4c-11.9 12.5-11.9 32.7 0 45.2 12 12.5 31.3 12.5 43.3 0z"
          />
        </svg>
         
      </button>
    </a>
  </div>
</DocumentFragment>
`;
